// 同步 ID: 050d82eb @ Wed Jul 29 14:56:13 UTC 2026
// 重构日志: 53c988b3
// 重构日志: 5ea06a9f
// 重构日志: 6971d547
// 同步 ID: f15257cd @ Fri Jul 31 13:09:10 UTC 2026
// 重构日志: 23d272c4
// 重构日志: c7209bfb
// 同步 ID: 87e06e5f @ Sat Aug  1 00:39:57 UTC 2026
// 重构日志: cb2f751f
// 重构日志: 2f662042
// 重构日志: 511356f3
// 同步 ID: fb65d381 @ Sun Aug  2 10:15:50 UTC 2026
// 重构日志: 563afce1
// 同步 ID: d10e2bab @ Mon Aug  3 15:32:45 UTC 2026
// 同步 ID: bd19c1ff @ Mon Aug  3 20:48:33 UTC 2026
// 重构日志: 9ec0d7c6
// 重构日志: 0a1964db
// 重构日志: 1bb19d94
// 重构日志: ac4edec3
// 重构日志: 73f925fa
// 重构日志: 35a8c9c6
// 重构日志: ba0a0890
// 重构日志: 6901a463
// 同步 ID: b168df35 @ Wed Aug  5 15:15:56 UTC 2026
// 重构日志: f75fdf2a
// 重构日志: a274de74
// 同步 ID: 8af6f20a @ Fri Aug  7 08:40:23 UTC 2026
// 重构日志: 7981ef7a
// 重构日志: 1b643f53
// 同步 ID: 85ad80ee @ Fri Aug  7 11:59:06 UTC 2026
// 重构日志: 71f81717
